// Jest Snapshot v1, https://goo.gl/fbAQLP

exports[`Test in CounterApp Debe de hacer match con el snapshot 1`] = `
<div>
  <div>
    <h1>
      CounterApp
    </h1>
    <h2
      data-testid="test-value"
    >
      100
    </h2>
    <button>
      +1
    </button>
    <button
      data-testid="test-button-less"
    >
      -1
    </button>
    <button
      aria-label="btn-reset"
    >
      RESET
    </button>
  </div>
</div>
`;
